  Application.cpp
  main.cpp
  AnimationSystem.cpp
  ClothSystem.cpp
  NetworkManager.cpp
  PhysicsSystem.cpp
  SpawnerSystem.cpp
  MaterialManager.cpp
  MeshManager.cpp
  LightManager.cpp
  DebugRenderer.cpp
  PostProcessing.cpp
  RenderDevice.cpp
  vma_impl.cpp
  TextureManager.cpp
  Shadow.cpp
  Skybox.cpp
  TimelineSystem.cpp
  WorldBakeSerializer.cpp
  ConfigParser.cpp
  Compiling...
  Interface.cpp
  RenderUtils.cpp
  FBSceneLoader.cpp
  WorldParser.cpp
  VulkanDepthBuffer.cpp
  imgui.cpp
  imgui_draw.cpp
  imgui_tables.cpp
  imgui_widgets.cpp
  imgui_impl_glfw.cpp
  imgui_impl_vulkan.cpp
  Generating code
  Previous IPDB was built with incompatible compiler, fall back to full compilation.
  All 14713 functions were compiled because no usable IPDB/IOBJ from previous compilation was found.
  Finished generating code
  vulkan-simulation-engine.vcxproj -> D:\Files\Documents\AProjects\CPP\vulkan-simulation-engine\x64\Release\vulkan-simulation-engine.exe
