d:\files\documents\aprojects\cpp\vulkan-simulation-engine\vulkan-s.f8ccff3a\x64\release\vc145.pdb
d:\files\documents\aprojects\cpp\vulkan-simulation-engine\vulkan-s.f8ccff3a\x64\release\imgui_tables.obj
d:\files\documents\aprojects\cpp\vulkan-simulation-engine\vulkan-s.f8ccff3a\x64\release\imgui_draw.obj
d:\files\documents\aprojects\cpp\vulkan-simulation-engine\vulkan-s.f8ccff3a\x64\release\imgui.obj
d:\files\documents\aprojects\cpp\vulkan-simulation-engine\vulkan-s.f8ccff3a\x64\release\vulkandepthbuffer.obj
d:\files\documents\aprojects\cpp\vulkan-simulation-engine\vulkan-s.f8ccff3a\x64\release\worldparser.obj
d:\files\documents\aprojects\cpp\vulkan-simulation-engine\vulkan-s.f8ccff3a\x64\release\renderutils.obj
d:\files\documents\aprojects\cpp\vulkan-simulation-engine\vulkan-s.f8ccff3a\x64\release\interface.obj
d:\files\documents\aprojects\cpp\vulkan-simulation-engine\vulkan-s.f8ccff3a\x64\release\configparser.obj
d:\files\documents\aprojects\cpp\vulkan-simulation-engine\vulkan-s.f8ccff3a\x64\release\timelinesystem.obj
d:\files\documents\aprojects\cpp\vulkan-simulation-engine\vulkan-s.f8ccff3a\x64\release\skybox.obj
d:\files\documents\aprojects\cpp\vulkan-simulation-engine\vulkan-s.f8ccff3a\x64\release\shadow.obj
d:\files\documents\aprojects\cpp\vulkan-simulation-engine\vulkan-s.f8ccff3a\x64\release\texturemanager.obj
d:\files\documents\aprojects\cpp\vulkan-simulation-engine\vulkan-s.f8ccff3a\x64\release\renderdevice.obj
d:\files\documents\aprojects\cpp\vulkan-simulation-engine\vulkan-s.f8ccff3a\x64\release\postprocessing.obj
d:\files\documents\aprojects\cpp\vulkan-simulation-engine\vulkan-s.f8ccff3a\x64\release\lightmanager.obj
d:\files\documents\aprojects\cpp\vulkan-simulation-engine\vulkan-s.f8ccff3a\x64\release\meshmanager.obj
d:\files\documents\aprojects\cpp\vulkan-simulation-engine\vulkan-s.f8ccff3a\x64\release\materialmanager.obj
d:\files\documents\aprojects\cpp\vulkan-simulation-engine\vulkan-s.f8ccff3a\x64\release\physicssystem.obj
d:\files\documents\aprojects\cpp\vulkan-simulation-engine\vulkan-s.f8ccff3a\x64\release\main.obj
d:\files\documents\aprojects\cpp\vulkan-simulation-engine\vulkan-s.f8ccff3a\x64\release\application.obj
d:\files\documents\aprojects\cpp\vulkan-simulation-engine\vulkan-s.f8ccff3a\x64\release\imgui_impl_vulkan.obj
d:\files\documents\aprojects\cpp\vulkan-simulation-engine\vulkan-s.f8ccff3a\x64\release\imgui_impl_glfw.obj
d:\files\documents\aprojects\cpp\vulkan-simulation-engine\vulkan-s.f8ccff3a\x64\release\imgui_widgets.obj
d:\files\documents\aprojects\cpp\vulkan-simulation-engine\shaders\frag.spv
d:\files\documents\aprojects\cpp\vulkan-simulation-engine\shaders\vert.spv
d:\files\documents\aprojects\cpp\vulkan-simulation-engine\shaders\postprocess_frag.spv
d:\files\documents\aprojects\cpp\vulkan-simulation-engine\shaders\postprocess_vert.spv
d:\files\documents\aprojects\cpp\vulkan-simulation-engine\shaders\particle_frag.spv
d:\files\documents\aprojects\cpp\vulkan-simulation-engine\shaders\particle_vert.spv
d:\files\documents\aprojects\cpp\vulkan-simulation-engine\shaders\shadow_frag.spv
d:\files\documents\aprojects\cpp\vulkan-simulation-engine\shaders\shadow_vert.spv
d:\files\documents\aprojects\cpp\vulkan-simulation-engine\vulkan-s.f8ccff3a\x64\release\vulkan-s.f8ccff3a.tlog\cl.read.1.tlog
d:\files\documents\aprojects\cpp\vulkan-simulation-engine\vulkan-s.f8ccff3a\x64\release\vulkan-s.f8ccff3a.tlog\cl.write.1.tlog
d:\files\documents\aprojects\cpp\vulkan-simulation-engine\vulkan-s.f8ccff3a\x64\release\vulkan-s.f8ccff3a.tlog\custombuild.command.1.tlog
d:\files\documents\aprojects\cpp\vulkan-simulation-engine\vulkan-s.f8ccff3a\x64\release\vulkan-s.f8ccff3a.tlog\custombuild.read.1.tlog
d:\files\documents\aprojects\cpp\vulkan-simulation-engine\vulkan-s.f8ccff3a\x64\release\vulkan-s.f8ccff3a.tlog\custombuild.write.1.tlog
