  AnimationSystem.cpp
  Application.cpp
  NetworkManager.cpp
  PhysicsSystem.cpp
  PostProcessing.cpp
  MaterialManager.cpp
  MeshManager.cpp
  TextureManager.cpp
  LightManager.cpp
  Shadow.cpp
  Skybox.cpp
  SpawnerSystem.cpp
  TimelineSystem.cpp
  ConfigParser.cpp
  FBSceneLoader.cpp
  Interface.cpp
  WorldParser.cpp
  main.cpp
  Generating Code...
LINK : warning LNK4098: defaultlib 'MSVCRT' conflicts with use of other libs; use /NODEFAULTLIB:library
  vulkan-simulation-engine.vcxproj -> D:\Files\Documents\AProjects\CPP\vulkan-simulation-engine\x64\Debug\vulkan-simulation-engine.exe
